###############################################################################
#
# IAR ELF Linker V8.10.1.12857/W32 for ARM                29/Jan/2018  14:38:06
# Copyright 2007-2017 IAR Systems AB.
#
#    Output file  =  
#        F:\K60_CAR_2018\project\programme\iar\RAM\Exe\programme_K60DZ10.out
#    Map file     =  
#        F:\K60_CAR_2018\project\programme\iar\RAM\List\programme_K60DZ10.map
#    Command line =  
#        -f C:\Users\19071_~1\AppData\Local\Temp\EW2A8.tmp
#        (F:\K60_CAR_2018\project\programme\iar\RAM\Obj\alloc.o
#        F:\K60_CAR_2018\project\programme\iar\RAM\Obj\assert.o
#        F:\K60_CAR_2018\project\programme\iar\RAM\Obj\blind.o
#        F:\K60_CAR_2018\project\programme\iar\RAM\Obj\camera_test.o
#        F:\K60_CAR_2018\project\programme\iar\RAM\Obj\DEV_SCCB.o
#        F:\K60_CAR_2018\project\programme\iar\RAM\Obj\HW_ADC.o
#        F:\K60_CAR_2018\project\programme\iar\RAM\Obj\HW_CAN.o
#        F:\K60_CAR_2018\project\programme\iar\RAM\Obj\HW_DAC.o
#        F:\K60_CAR_2018\project\programme\iar\RAM\Obj\HW_DMA.o
#        F:\K60_CAR_2018\project\programme\iar\RAM\Obj\HW_ENET.o
#        F:\K60_CAR_2018\project\programme\iar\RAM\Obj\HW_FLASH.o
#        F:\K60_CAR_2018\project\programme\iar\RAM\Obj\HW_FLEXBUS.o
#        F:\K60_CAR_2018\project\programme\iar\RAM\Obj\HW_FTM.o
#        F:\K60_CAR_2018\project\programme\iar\RAM\Obj\HW_GPIO.o
#        F:\K60_CAR_2018\project\programme\iar\RAM\Obj\HW_I2C.o
#        F:\K60_CAR_2018\project\programme\iar\RAM\Obj\HW_LPTMR.o
#        F:\K60_CAR_2018\project\programme\iar\RAM\Obj\HW_MCG.o
#        F:\K60_CAR_2018\project\programme\iar\RAM\Obj\HW_NVIC.o
#        F:\K60_CAR_2018\project\programme\iar\RAM\Obj\HW_PDB.o
#        F:\K60_CAR_2018\project\programme\iar\RAM\Obj\HW_PIT.o
#        F:\K60_CAR_2018\project\programme\iar\RAM\Obj\HW_RTC.o
#        F:\K60_CAR_2018\project\programme\iar\RAM\Obj\HW_SDHC.o
#        F:\K60_CAR_2018\project\programme\iar\RAM\Obj\HW_SPI.o
#        F:\K60_CAR_2018\project\programme\iar\RAM\Obj\HW_SYSTICK.o
#        F:\K60_CAR_2018\project\programme\iar\RAM\Obj\HW_TSI.o
#        F:\K60_CAR_2018\project\programme\iar\RAM\Obj\HW_UART.o
#        F:\K60_CAR_2018\project\programme\iar\RAM\Obj\HW_USB.o
#        F:\K60_CAR_2018\project\programme\iar\RAM\Obj\HW_WDOG.o
#        F:\K60_CAR_2018\project\programme\iar\RAM\Obj\image.o
#        F:\K60_CAR_2018\project\programme\iar\RAM\Obj\io.o
#        F:\K60_CAR_2018\project\programme\iar\RAM\Obj\motor.o
#        F:\K60_CAR_2018\project\programme\iar\RAM\Obj\motor_test.o
#        F:\K60_CAR_2018\project\programme\iar\RAM\Obj\oled.o
#        F:\K60_CAR_2018\project\programme\iar\RAM\Obj\oled_test.o
#        F:\K60_CAR_2018\project\programme\iar\RAM\Obj\ov7620.o
#        F:\K60_CAR_2018\project\programme\iar\RAM\Obj\printf.o
#        F:\K60_CAR_2018\project\programme\iar\RAM\Obj\program.o
#        F:\K60_CAR_2018\project\programme\iar\RAM\Obj\queue.o
#        F:\K60_CAR_2018\project\programme\iar\RAM\Obj\relocate.o
#        F:\K60_CAR_2018\project\programme\iar\RAM\Obj\servo.o
#        F:\K60_CAR_2018\project\programme\iar\RAM\Obj\servo_test.o
#        F:\K60_CAR_2018\project\programme\iar\RAM\Obj\startup_K60DZ10.o
#        F:\K60_CAR_2018\project\programme\iar\RAM\Obj\stdlib.o
#        F:\K60_CAR_2018\project\programme\iar\RAM\Obj\system_MK60.o
#        F:\K60_CAR_2018\project\programme\iar\RAM\Obj\uif.o
#        F:\K60_CAR_2018\project\programme\iar\RAM\Obj\usrlib.o --redirect
#        _Printf=_PrintfFullNoMb --redirect _Scanf=_ScanfFullNoMb -o
#        F:\K60_CAR_2018\project\programme\iar\RAM\Exe\programme_K60DZ10.out
#        --map
#        F:\K60_CAR_2018\project\programme\iar\RAM\List\programme_K60DZ10.map
#        --config F:\K60_CAR_2018\lib\iar_config_files\LPLD_K60DN512_FLASH.icf
#        --semihosting --entry __iar_program_start "C:\Program Files (x86)\IAR
#        Systems\Embedded Workbench 8.0\arm\CMSIS\Lib\IAR\iar_cortexM4l_math.a"
#        --vfe --text_out locale)
#
###############################################################################

*******************************************************************************
*** RUNTIME MODEL ATTRIBUTES
***

CppFlavor       = *
__SystemLibrary = DLib
__dlib_version  = 6


*******************************************************************************
*** HEAP SELECTION
***

The basic heap was selected because no calls to memory allocation
functions were found in the application outside of system library
functions, and there are calls to deallocation functions in the
application.


*******************************************************************************
*** PLACEMENT SUMMARY
***

"A0":  place at 0x00000000 { ro section .intvec };
"A1":  place at 0x00000410 { ro section .noinit };
"P1":  place in [from 0x00000000 to 0x00080000] { ro, block CodeRelocate };
"P2":  place in [from 0x1fff0410 to 0x20010000] {
          rw, block CodeRelocateRam, block CSTACK, block HEAP };
initialize manually with packing = copy, complex ranges { section .data };
initialize manually with packing = copy, complex ranges { section .textrw };

  Section              Kind        Address     Size  Object
  -------              ----        -------     ----  ------
"A0":                                         0x400
  .intvec              ro code  0x00000000    0x400  startup_K60DZ10.o [1]
                              - 0x00000400    0x400

"P1", part 1 of 2:                              0x0
  .rodata              const    0x00000400      0x0  zero_init3.o [5]

"A1":                                          0x14
  .noinit              ro code  0x00000410     0x10  startup_K60DZ10.o [1]
  .noinit              ro code  0x00000420      0x4  startup_K60DZ10.o [1]
                              - 0x00000424     0x14

"P1", part 2 of 2:                           0x2d4c
  .text                ro code  0x00000424    0x71c  HW_UART.o [1]
  .text                ro code  0x00000b40    0x618  system_MK60.o [1]
  .text                ro code  0x00001158     0xa0  relocate.o [1]
  Veneer               ro code  0x000011f8      0x8  - Linker created -
  .text                ro code  0x00001200    0x198  HW_MCG.o [1]
  .text                ro code  0x00001398     0x86  ABImemcpy.o [5]
  .text                ro code  0x00001420    0x4d8  printf.o [1]
  .text                ro code  0x000018f8     0x1c  stdlib.o [1]
  .text                ro code  0x00001914    0x470  HW_DMA.o [1]
  .text                ro code  0x00001d84     0x14  assert.o [1]
  .text                ro code  0x00001d98    0x318  ov7620.o [1]
  .text                ro code  0x000020b0      0x6  ABImemclr4.o [5]
  .text                ro code  0x000020b8    0x188  HW_GPIO.o [1]
  .text                ro code  0x00002240     0x32  ABImemset48.o [5]
  .text                ro code  0x00002274    0x218  HW_SPI.o [1]
  .text                ro code  0x0000248c    0x1de  HW_CAN.o [1]
  .text                ro code  0x0000266c     0xf0  HW_DAC.o [1]
  .text                ro code  0x0000275c     0xcc  HW_I2C.o [1]
  .text                ro code  0x00002828     0x80  HW_ENET.o [1]
  .text                ro code  0x000028a8     0x80  HW_PDB.o [1]
  .text                ro code  0x00002928     0x70  HW_TSI.o [1]
  .text                ro code  0x00002998     0x6c  HW_PIT.o [1]
  .text                ro code  0x00002a04     0x60  HW_RTC.o [1]
  CodeRelocate                  0x00002a64     0x4c  <Block>
    Initializer bytes  const    0x00002a64     0x4c  <for CodeRelocateRam-1>
  .rodata              const    0x00002ab0     0x48  system_MK60.o [1]
  .rodata              const    0x00002af8     0x44  system_MK60.o [1]
  .rodata              const    0x00002b3c     0x44  system_MK60.o [1]
  .text                ro code  0x00002b80     0x40  zero_init3.o [5]
  .rodata              const    0x00002bc0     0x30  assert.o [1]
  .rodata              const    0x00002bf0     0x30  system_MK60.o [1]
  .rodata              const    0x00002c20     0x30  system_MK60.o [1]
  .rodata              const    0x00002c50     0x28  HW_DMA.o [1]
  .rodata              const    0x00002c78     0x28  HW_GPIO.o [1]
  .rodata              const    0x00002ca0     0x28  system_MK60.o [1]
  .text                ro code  0x00002cc8     0x28  data_init.o [5]
  .rodata              const    0x00002cf0     0x24  system_MK60.o [1]
  .rodata              const    0x00002d14     0x24  system_MK60.o [1]
  .text                ro code  0x00002d38     0x24  HW_FTM.o [1]
  .iar.init_table      const    0x00002d5c     0x10  - Linker created -
  .rodata              const    0x00002d6c     0x20  system_MK60.o [1]
  .rodata              const    0x00002d8c     0x20  system_MK60.o [1]
  .rodata              const    0x00002dac     0x20  system_MK60.o [1]
  .rodata              const    0x00002dcc     0x20  system_MK60.o [1]
  .text                ro code  0x00002dec     0x20  HW_LPTMR.o [1]
  .rodata              const    0x00002e0c     0x1c  system_MK60.o [1]
  .rodata              const    0x00002e28     0x1c  system_MK60.o [1]
  .rodata              const    0x00002e44     0x1c  system_MK60.o [1]
  .text                ro code  0x00002e60     0x1c  HW_ADC.o [1]
  .text                ro code  0x00002e7c     0x1a  cmain.o [5]
  .text                ro code  0x00002e96      0x4  low_level_init.o [3]
  .text                ro code  0x00002e9a      0xc  program.o [1]
  .text                ro code  0x00002ea6      0x4  exit.o [3]
  .text                ro code  0x00002eaa      0x8  camera_test.o [1]
  .text                ro code  0x00002eb2      0x2  oled_test.o [1]
  .text                ro code  0x00002eb4      0xa  cexit.o [5]
  .text                ro code  0x00002ec0     0x14  exit.o [6]
  .rodata              const    0x00002ed4     0x18  system_MK60.o [1]
  .rodata              const    0x00002eec     0x18  system_MK60.o [1]
  .rodata              const    0x00002f04     0x18  system_MK60.o [1]
  .rodata              const    0x00002f1c     0x18  system_MK60.o [1]
  .rodata              const    0x00002f34     0x18  system_MK60.o [1]
  .rodata              const    0x00002f4c     0x18  system_MK60.o [1]
  .rodata              const    0x00002f64     0x18  system_MK60.o [1]
  .rodata              const    0x00002f7c     0x18  system_MK60.o [1]
  .rodata              const    0x00002f94     0x18  system_MK60.o [1]
  .rodata              const    0x00002fac     0x18  system_MK60.o [1]
  .rodata              const    0x00002fc4     0x14  system_MK60.o [1]
  .rodata              const    0x00002fd8     0x14  system_MK60.o [1]
  .rodata              const    0x00002fec     0x14  system_MK60.o [1]
  .rodata              const    0x00003000     0x14  system_MK60.o [1]
  .rodata              const    0x00003014     0x14  system_MK60.o [1]
  .rodata              const    0x00003028     0x14  system_MK60.o [1]
  .text                ro code  0x0000303c     0x14  io.o [1]
  .data_init                    0x00003050     0x14  <Block>
    Initializer bytes  const    0x00003050     0x14  <for .data-1>
  .rodata              const    0x00003064     0x10  system_MK60.o [1]
  .rodata              const    0x00003074     0x10  system_MK60.o [1]
  .rodata              const    0x00003084     0x10  system_MK60.o [1]
  .text                ro code  0x00003094     0x10  HW_SYSTICK.o [1]
  .text                ro code  0x000030a4     0x10  HW_USB.o [1]
  .rodata              const    0x000030b4      0xc  system_MK60.o [1]
  .rodata              const    0x000030c0      0xc  system_MK60.o [1]
  .text                ro code  0x000030cc      0xc  cstartup_M.o [5]
  .rodata              const    0x000030d8      0x8  system_MK60.o [1]
  .rodata              const    0x000030e0      0x8  system_MK60.o [1]
  .rodata              const    0x000030e8      0x8  system_MK60.o [1]
  .rodata              const    0x000030f0      0x8  system_MK60.o [1]
  .rodata              const    0x000030f8      0x8  system_MK60.o [1]
  .rodata              const    0x00003100      0x8  system_MK60.o [1]
  .rodata              const    0x00003108      0x8  system_MK60.o [1]
  .rodata              const    0x00003110      0x8  system_MK60.o [1]
  .rodata              const    0x00003118      0x8  system_MK60.o [1]
  .rodata              const    0x00003120      0x8  system_MK60.o [1]
  .rodata              const    0x00003128      0x8  system_MK60.o [1]
  .rodata              const    0x00003130      0x8  system_MK60.o [1]
  .rodata              const    0x00003138      0x8  system_MK60.o [1]
  .rodata              const    0x00003140      0x8  system_MK60.o [1]
  .rodata              const    0x00003148      0x8  system_MK60.o [1]
  .rodata              const    0x00003150      0x8  system_MK60.o [1]
  .rodata              const    0x00003158      0x8  system_MK60.o [1]
  .rodata              const    0x00003160      0x8  system_MK60.o [1]
  .rodata              const    0x00003168      0x8  system_MK60.o [1]
                              - 0x00003170   0x2d4c

"P2", part 1 of 3:                             0x60
  CodeRelocateRam               0x1fff0410     0x4c  <Block>
    CodeRelocateRam-1           0x1fff0410     0x4c  <Init block>
      .textrw          inited   0x1fff0410     0x4c  HW_MCG.o [1]
  .data                         0x1fff045c     0x14  <Block>
    .data-1                     0x1fff045c     0x14  <Init block>
      .data            inited   0x1fff045c      0x4  HW_MCG.o [1]
      .data            inited   0x1fff0460      0x4  HW_MCG.o [1]
      .data            inited   0x1fff0464      0x4  HW_MCG.o [1]
      .data            inited   0x1fff0468      0x4  HW_MCG.o [1]
      .data            inited   0x1fff046c      0x4  system_MK60.o [1]
                              - 0x1fff0470     0x60

"P2", part 2 of 3:                          0x12ef8
  .bss                          0x1fff0470  0x12ef8  <Block>
    .bss               zero     0x1fff0470      0x8  HW_ADC.o [1]
    .bss               zero     0x1fff0478    0x100  HW_CAN.o [1]
    .bss               zero     0x1fff0578     0x40  HW_CAN.o [1]
    .bss               zero     0x1fff05b8     0x40  HW_CAN.o [1]
    .bss               zero     0x1fff05f8      0x8  HW_DAC.o [1]
    .bss               zero     0x1fff0600      0x8  HW_DAC.o [1]
    .bss               zero     0x1fff0608      0x8  HW_DAC.o [1]
    .bss               zero     0x1fff0610     0x40  HW_DMA.o [1]
    .bss               zero     0x1fff0650     0x10  HW_ENET.o [1]
    .bss               zero     0x1fff0660      0xc  HW_FTM.o [1]
    .bss               zero     0x1fff066c     0x14  HW_GPIO.o [1]
    .bss               zero     0x1fff0680      0x8  HW_I2C.o [1]
    .bss               zero     0x1fff0688      0x4  HW_LPTMR.o [1]
    .bss               zero     0x1fff068c      0x4  HW_PDB.o [1]
    .bss               zero     0x1fff0690      0x4  HW_PDB.o [1]
    .bss               zero     0x1fff0694     0x10  HW_PIT.o [1]
    .bss               zero     0x1fff06a4      0xc  HW_RTC.o [1]
    .bss               zero     0x1fff06b0     0x18  HW_SPI.o [1]
    .bss               zero     0x1fff06c8     0x18  HW_SPI.o [1]
    .bss               zero     0x1fff06e0     0x18  HW_SPI.o [1]
    .bss               zero     0x1fff06f8      0x4  HW_SYSTICK.o [1]
    .bss               zero     0x1fff06fc      0x8  HW_TSI.o [1]
    .bss               zero     0x1fff0704     0x18  HW_UART.o [1]
    .bss               zero     0x1fff071c     0x18  HW_UART.o [1]
    .bss               zero     0x1fff0734      0x4  HW_USB.o [1]
    .bss               zero     0x1fff0738      0x4  ov7620.o [1]
    .bss               zero     0x1fff073c      0x4  ov7620.o [1]
    .bss               zero     0x1fff0740      0x4  ov7620.o [1]
    .bss               zero     0x1fff0744      0x4  ov7620.o [1]
    .bss               zero     0x1fff0748  0x12c00  ov7620.o [1]
    .bss               zero     0x20003348     0x1c  ov7620.o [1]
    .bss               zero     0x20003364      0x1  ov7620.o [1]
    .bss               zero     0x20003365      0x1  ov7620.o [1]
                              - 0x20003368  0x12ef8

"P2", part 3 of 3:                           0x1000
  CSTACK                        0x20003368   0x1000  <Block>
    CSTACK             uninit   0x20003368   0x1000  <Block tail>
                              - 0x20004368   0x1000


*******************************************************************************
*** INIT TABLE
***

          Address     Size
          -------     ----
Zero (__iar_zero_init3)
    1 destination range, total size 0x12ef6:
          0x1fff0470  0x12ef6



*******************************************************************************
*** MODULE SUMMARY
***

    Module             ro code  rw code  ro data  rw data
    ------             -------  -------  -------  -------
F:\K60_CAR_2018\project\programme\iar\RAM\Obj: [1]
    HW_ADC.o                28                          8
    HW_CAN.o               478                        384
    HW_DAC.o               240                         24
    HW_DMA.o             1 136                40       64
    HW_ENET.o              128                         16
    HW_FTM.o                36                         12
    HW_GPIO.o              392                40       20
    HW_I2C.o               204                          8
    HW_LPTMR.o              32                          4
    HW_MCG.o               408       76       92       16
    HW_PDB.o               128                          8
    HW_PIT.o               108                         16
    HW_RTC.o                96                         12
    HW_SPI.o               536                         72
    HW_SYSTICK.o            16                          4
    HW_TSI.o               112                          8
    HW_UART.o            1 820                         48
    HW_USB.o                16                          4
    assert.o                20                48
    camera_test.o            8
    io.o                    20
    oled_test.o              2
    ov7620.o               792                     76 846
    printf.o             1 240
    program.o               12
    relocate.o             160
    startup_K60DZ10.o    1 044
    stdlib.o                28
    system_MK60.o        1 560             1 216        4
    -----------------------------------------------------
    Total:              10 800       76    1 436   77 578

command line: [2]
    -----------------------------------------------------
    Total:

dl7M_tln.a: [3]
    exit.o                   4
    low_level_init.o         4
    -----------------------------------------------------
    Total:                   8

m7M_tl.a: [4]
    -----------------------------------------------------
    Total:

rt7M_tl.a: [5]
    ABImemclr4.o             6
    ABImemcpy.o            134
    ABImemset48.o           50
    cexit.o                 10
    cmain.o                 26
    cstartup_M.o            12
    data_init.o             40
    zero_init3.o            64
    -----------------------------------------------------
    Total:                 342

shb_l.a: [6]
    exit.o                  20
    -----------------------------------------------------
    Total:                  20

    Gaps                    10
    Linker created           8                16    4 096
---------------------------------------------------------
    Grand Total:        11 188       76    1 452   81 674


*******************************************************************************
*** ENTRY LIST
***

Entry                      Address     Size  Type      Object
-----                      -------     ----  ----      ------
.bss$$Base              0x1fff0470            --   Gb  - Linker created -
.bss$$Limit             0x20003368            --   Gb  - Linker created -
.data$$Base             0x1fff045c            --   Gb  - Linker created -
.data$$Limit            0x1fff0470            --   Gb  - Linker created -
.data_init$$Base        0x00003050            --   Gb  - Linker created -
.data_init$$Limit       0x00003064            --   Gb  - Linker created -
.iar.init_table$$Base   0x00002d5c            --   Gb  - Linker created -
.iar.init_table$$Limit  0x00002d6c            --   Gb  - Linker created -
?main                   0x00002e7d           Code  Gb  cmain.o [5]
ADC0_IRQHandler         0x00002e61      0xa  Code  Gb  HW_ADC.o [1]
ADC1_IRQHandler         0x00002e6b      0xa  Code  Gb  HW_ADC.o [1]
ADC_ISR                 0x1fff0470      0x8  Data  Gb  HW_ADC.o [1]
ASSERT_FAILED_STR       0x00002bc0     0x30  Data  Gb  assert.o [1]
CAN0_BUS_OFF_IRQHandler
                        0x000025e5      0x8  Code  Gb  HW_CAN.o [1]
CAN0_ERR_IRQHandler     0x000025ed      0xe  Code  Gb  HW_CAN.o [1]
CAN0_IMEU_IRQHandler    0x00002611      0x2  Code  Gb  HW_CAN.o [1]
CAN0_ISR                0x1fff0578     0x40  Data  Gb  HW_CAN.o [1]
CAN0_LR_IRQHandler      0x00002613      0x2  Code  Gb  HW_CAN.o [1]
CAN0_MESS_IRQHandler    0x000025dd      0x8  Code  Gb  HW_CAN.o [1]
CAN0_RW_IRQHandler      0x00002605      0xa  Code  Gb  HW_CAN.o [1]
CAN0_TW_IRQHandler      0x000025fb      0xa  Code  Gb  HW_CAN.o [1]
CAN0_WAKE_UP_IRQHandler
                        0x0000260f      0x2  Code  Gb  HW_CAN.o [1]
CAN1_BUS_OFF_IRQHandler
                        0x0000261d      0x8  Code  Gb  HW_CAN.o [1]
CAN1_ERR_IRQHandler     0x00002625      0xe  Code  Gb  HW_CAN.o [1]
CAN1_IMEU_IRQHandler    0x00002667      0x2  Code  Gb  HW_CAN.o [1]
CAN1_ISR                0x1fff05b8     0x40  Data  Gb  HW_CAN.o [1]
CAN1_LR_IRQHandler      0x00002669      0x2  Code  Gb  HW_CAN.o [1]
CAN1_MESS_IRQHandler    0x00002615      0x8  Code  Gb  HW_CAN.o [1]
CAN1_RW_IRQHandler      0x0000263d      0xa  Code  Gb  HW_CAN.o [1]
CAN1_TW_IRQHandler      0x00002633      0xa  Code  Gb  HW_CAN.o [1]
CAN1_WAKE_UP_IRQHandler
                        0x00002665      0x2  Code  Gb  HW_CAN.o [1]
CSTACK$$Base            0x20003368            --   Gb  - Linker created -
CSTACK$$Limit           0x20004368            --   Gb  - Linker created -
CodeRelocate$$Base      0x00002a64            --   Gb  - Linker created -
CodeRelocate$$Limit     0x00002ab0            --   Gb  - Linker created -
CodeRelocateRam$$Base   0x1fff0410            --   Gb  - Linker created -
CodeRelocateRam$$Limit  0x1fff045c            --   Gb  - Linker created -
DAC0_IRQHandler         0x0000266d     0x6a  Code  Gb  HW_DAC.o [1]
DAC1_IRQHandler         0x000026d7     0x6a  Code  Gb  HW_DAC.o [1]
DAC_RDPTBOT_ISR         0x1fff05f8      0x8  Data  Gb  HW_DAC.o [1]
DAC_RDPTTOP_ISR         0x1fff0600      0x8  Data  Gb  HW_DAC.o [1]
DAC_WATERMK_ISR         0x1fff0608      0x8  Data  Gb  HW_DAC.o [1]
DMA0_IRQHandler         0x00001c01     0x16  Code  Gb  HW_DMA.o [1]
DMA10_IRQHandler        0x00001cdd     0x16  Code  Gb  HW_DMA.o [1]
DMA11_IRQHandler        0x00001cf3     0x16  Code  Gb  HW_DMA.o [1]
DMA12_IRQHandler        0x00001d09     0x16  Code  Gb  HW_DMA.o [1]
DMA13_IRQHandler        0x00001d1f     0x16  Code  Gb  HW_DMA.o [1]
DMA14_IRQHandler        0x00001d35     0x16  Code  Gb  HW_DMA.o [1]
DMA15_IRQHandler        0x00001d4b     0x16  Code  Gb  HW_DMA.o [1]
DMA1_IRQHandler         0x00001c17     0x16  Code  Gb  HW_DMA.o [1]
DMA2_IRQHandler         0x00001c2d     0x16  Code  Gb  HW_DMA.o [1]
DMA3_IRQHandler         0x00001c43     0x16  Code  Gb  HW_DMA.o [1]
DMA4_IRQHandler         0x00001c59     0x16  Code  Gb  HW_DMA.o [1]
DMA5_IRQHandler         0x00001c6f     0x16  Code  Gb  HW_DMA.o [1]
DMA6_IRQHandler         0x00001c85     0x16  Code  Gb  HW_DMA.o [1]
DMA7_IRQHandler         0x00001c9b     0x16  Code  Gb  HW_DMA.o [1]
DMA8_IRQHandler         0x00001cb1     0x16  Code  Gb  HW_DMA.o [1]
DMA9_IRQHandler         0x00001cc7     0x16  Code  Gb  HW_DMA.o [1]
DMA_ISR                 0x1fff0610     0x40  Data  Gb  HW_DMA.o [1]
DefaultISR              0x00000cb7     0x16  Code  Gb  system_MK60.o [1]
Diagnostic_Reset_Source
                        0x00000f71     0x82  Code  Lc  system_MK60.o [1]
ENET_ISR                0x1fff0650     0x10  Data  Gb  HW_ENET.o [1]
Eth_Err_Misc_IRQHandler
                        0x0000288b     0x16  Code  Gb  HW_ENET.o [1]
Eth_IEEE1588_IRQHandler
                        0x00002875     0x16  Code  Gb  HW_ENET.o [1]
Eth_RX_IRQHandler       0x00002829     0x26  Code  Gb  HW_ENET.o [1]
Eth_TX_IRQHandler       0x0000284f     0x26  Code  Gb  HW_ENET.o [1]
FTM0_IRQHandler         0x00002d39      0xa  Code  Gb  HW_FTM.o [1]
FTM1_IRQHandler         0x00002d43      0xa  Code  Gb  HW_FTM.o [1]
FTM2_IRQHandler         0x00002d4d      0xa  Code  Gb  HW_FTM.o [1]
FTM_ISR                 0x1fff0660      0xc  Data  Gb  HW_FTM.o [1]
GPIO_ISR                0x1fff066c     0x14  Data  Gb  HW_GPIO.o [1]
HardFault_Handler       0x00000cab      0xc  Code  Gb  system_MK60.o [1]
I2C0_IRQHandler         0x0000275d     0x5a  Code  Gb  HW_I2C.o [1]
I2C1_IRQHandler         0x000027b7     0x5a  Code  Gb  HW_I2C.o [1]
I2C_ISR                 0x1fff0680      0x8  Data  Gb  HW_I2C.o [1]
LPLD_CAN_Interrupt_ClearPending
                        0x0000248d     0x22  Code  Lc  HW_CAN.o [1]
LPLD_CAN_Interrupt_GetFlag
                        0x000024af     0x1e  Code  Lc  HW_CAN.o [1]
LPLD_CAN_MB_ISR         0x00002583     0x5a  Code  Lc  HW_CAN.o [1]
LPLD_CAN_Receive_Interrupt
                        0x00002527     0x5c  Code  Lc  HW_CAN.o [1]
LPLD_CAN_Transmit_Interrupt
                        0x000024cd     0x5a  Code  Gb  HW_CAN.o [1]
LPLD_DMA_EnableIrq      0x00001beb     0x16  Code  Gb  HW_DMA.o [1]
LPLD_DMA_Init           0x00001931    0x2ba  Code  Gb  HW_DMA.o [1]
LPLD_GPIO_Init          0x000020b9     0xe4  Code  Gb  HW_GPIO.o [1]
LPLD_PLL_Setup          0x00001201    0x198  Code  Gb  HW_MCG.o [1]
LPLD_Set_SYS_DIV        0x1fff0411     0x4c  Code  Gb  HW_MCG.o [1]
LPLD_UART_Init          0x00000425    0x416  Code  Gb  HW_UART.o [1]
LPLD_UART_PutChar       0x0000083b      0xa  Code  Gb  HW_UART.o [1]
LPTMR_ISR               0x1fff0688      0x4  Data  Gb  HW_LPTMR.o [1]
LPT_IRQHandler          0x00002ded     0x16  Code  Gb  HW_LPTMR.o [1]
NVIC_EncodePriority     0x00001def     0x3e  Code  Lc  ov7620.o [1]
OS_CPU_SysTickHandler   0x00003095      0xa  Code  Gb  HW_SYSTICK.o [1]
PDB_IRQHandler          0x000028a9     0x6a  Code  Gb  HW_PDB.o [1]
PDB_ISR                 0x1fff068c      0x4  Data  Gb  HW_PDB.o [1]
PDB_SE_ISR              0x1fff0690      0x4  Data  Gb  HW_PDB.o [1]
PIT0_IRQHandler         0x00002999     0x16  Code  Gb  HW_PIT.o [1]
PIT1_IRQHandler         0x000029af     0x16  Code  Gb  HW_PIT.o [1]
PIT2_IRQHandler         0x000029c5     0x16  Code  Gb  HW_PIT.o [1]
PIT3_IRQHandler         0x000029db     0x16  Code  Gb  HW_PIT.o [1]
PIT_ISR                 0x1fff0694     0x10  Data  Gb  HW_PIT.o [1]
PORTA_IRQHandler        0x0000219d     0x12  Code  Gb  HW_GPIO.o [1]
PORTB_IRQHandler        0x000021af     0x12  Code  Gb  HW_GPIO.o [1]
PORTC_IRQHandler        0x000021c1     0x12  Code  Gb  HW_GPIO.o [1]
PORTD_IRQHandler        0x000021d3     0x12  Code  Gb  HW_GPIO.o [1]
PORTE_IRQHandler        0x000021e5     0x12  Code  Gb  HW_GPIO.o [1]
Pix_Data                0x1fff0748  0x12c00  Data  Gb  ov7620.o [1]
RTC_IRQHandler          0x00002a05     0x56  Code  Gb  HW_RTC.o [1]
RTC_ISR                 0x1fff06a4      0xc  Data  Gb  HW_RTC.o [1]
Region$$Table$$Base     0x00002d5c            --   Gb  - Linker created -
Region$$Table$$Limit    0x00002d6c            --   Gb  - Linker created -
SPI0_IRQHandler         0x00002275     0xaa  Code  Gb  HW_SPI.o [1]
SPI0_ISR                0x1fff06b0     0x18  Data  Gb  HW_SPI.o [1]
SPI1_IRQHandler         0x0000231f     0xaa  Code  Gb  HW_SPI.o [1]
SPI1_ISR                0x1fff06c8     0x18  Data  Gb  HW_SPI.o [1]
SPI2_IRQHandler         0x000023c9     0xaa  Code  Gb  HW_SPI.o [1]
SPI2_ISR                0x1fff06e0     0x18  Data  Gb  HW_SPI.o [1]
SYSTICK_ISR             0x1fff06f8      0x4  Data  Gb  HW_SYSTICK.o [1]
SystemCoreClock         0x1fff046c      0x4  Data  Gb  system_MK60.o [1]
SystemCoreClockUpdate   0x00000c7d     0x2e  Code  Gb  system_MK60.o [1]
SystemInit              0x00000b41    0x13c  Code  Gb  system_MK60.o [1]
TSI_IRQHandler          0x00002929     0x5c  Code  Gb  HW_TSI.o [1]
TSI_ISR                 0x1fff06fc      0x8  Data  Gb  HW_TSI.o [1]
UART0_ERR_IRQHandler    0x00000b35      0x2  Code  Gb  HW_UART.o [1]
UART0_IRQHandler        0x00000845     0x58  Code  Gb  HW_UART.o [1]
UART1_ERR_IRQHandler    0x00000b37      0x2  Code  Gb  HW_UART.o [1]
UART1_IRQHandler        0x0000089d     0x58  Code  Gb  HW_UART.o [1]
UART2_ERR_IRQHandler    0x00000b39      0x2  Code  Gb  HW_UART.o [1]
UART2_IRQHandler        0x000008f5     0x58  Code  Gb  HW_UART.o [1]
UART3_ERR_IRQHandler    0x00000b3b      0x2  Code  Gb  HW_UART.o [1]
UART3_IRQHandler        0x0000094d     0x58  Code  Gb  HW_UART.o [1]
UART4_ERR_IRQHandler    0x00000b3d      0x2  Code  Gb  HW_UART.o [1]
UART4_IRQHandler        0x000009a5     0x58  Code  Gb  HW_UART.o [1]
UART5_ERR_IRQHandler    0x00000b3f      0x2  Code  Gb  HW_UART.o [1]
UART5_IRQHandler        0x000009fd     0x58  Code  Gb  HW_UART.o [1]
UART_R_ISR              0x1fff0704     0x18  Data  Gb  HW_UART.o [1]
UART_T_ISR              0x1fff071c     0x18  Data  Gb  HW_UART.o [1]
USB_ISR                 0x1fff0734      0x4  Data  Gb  HW_USB.o [1]
USB_OTG_IRQHandler      0x000030a5      0xa  Code  Gb  HW_USB.o [1]
__BOOT_STACK_ADDRESS {Abs}
                        0x2000fff8           Data  Gb  command line/config [2]
__NVIC_DisableIRQ       0x00001db3     0x1a  Code  Lc  ov7620.o [1]
__NVIC_EnableIRQ        0x00001915     0x1c  Code  Lc  HW_DMA.o [1]
__NVIC_EnableIRQ        0x00001d99     0x1a  Code  Lc  ov7620.o [1]
__NVIC_SetPriority      0x00001dcd     0x22  Code  Lc  ov7620.o [1]
__VECTOR_RAM {Abs}      0x1fff0000           Data  Gb  command line/config [2]
__VECTOR_TABLE {Abs}    0x00000000           Data  Gb  command line/config [2]
__Vectors               0x00000000            --   Gb  startup_K60DZ10.o [1]
__Vectors_End           0x00000400           Data  Gb  startup_K60DZ10.o [1]
__Vectors_Size {Abs}    0x00000400            --   Gb  startup_K60DZ10.o [1]
__aeabi_memclr4         0x000020b1           Code  Gb  ABImemclr4.o [5]
__aeabi_memcpy4         0x00001399           Code  Gb  ABImemcpy.o [5]
__aeabi_memcpy8         0x00001399           Code  Gb  ABImemcpy.o [5]
__cmain                 0x00002e7d           Code  Gb  cmain.o [5]
__exit                  0x00002ec1     0x14  Code  Gb  exit.o [6]
__iar_Memset4_word      0x00002241           Code  Gb  ABImemset48.o [5]
__iar_Memset8_word      0x00002241           Code  Gb  ABImemset48.o [5]
__iar_data_init3        0x00002cc9     0x28  Code  Gb  data_init.o [5]
__iar_program_start     0x000030cd           Code  Gb  cstartup_M.o [5]
__iar_systems$$module {Abs}
                        0x00000001           Data  Gb  command line/config [2]
__iar_zero_init3        0x00002b81     0x40  Code  Gb  zero_init3.o [5]
__low_level_init        0x00002e97      0x4  Code  Gb  low_level_init.o [3]
__vector_table          0x00000000           Data  Gb  startup_K60DZ10.o [1]
__vector_table_0x1c     0x0000001c           Data  Gb  startup_K60DZ10.o [1]
_call_main              0x00002e89           Code  Gb  cmain.o [5]
_exit                   0x00002eb5           Code  Gb  cexit.o [5]
_main                   0x00002e93           Code  Gb  cmain.o [5]
acq_flag                0x20003364      0x1  Data  Lc  ov7620.o [1]
allow_acq_once          0x20003365      0x1  Data  Lc  ov7620.o [1]
app__camera_test        0x00002eab      0x8  Code  Gb  camera_test.o [1]
app__oled_dev           0x00002eb3      0x2  Code  Gb  oled_test.o [1]
assert_failed           0x00001d85     0x14  Code  Gb  assert.o [1]
camera_error            0x1fff0738      0x4  Data  Lc  ov7620.o [1]
common_relocate         0x00001159     0xa0  Code  Gb  relocate.o [1]
cpu_identify            0x00000cd1    0x1fa  Code  Lc  system_MK60.o [1]
exit                    0x00002ea7      0x4  Code  Gb  exit.o [3]
flash_identify          0x00000ecb     0xa6  Code  Lc  system_MK60.o [1]
flexcan_msgobj_param_t  0x1fff0478    0x100  Data  Gb  HW_CAN.o [1]
g_bus_clock             0x1fff0460      0x4  Data  Gb  HW_MCG.o [1]
g_core_clock            0x1fff045c      0x4  Data  Gb  HW_MCG.o [1]
g_flash_clock           0x1fff0464      0x4  Data  Gb  HW_MCG.o [1]
g_flexbus_clock         0x1fff0468      0x4  Data  Gb  HW_MCG.o [1]
href_cnt                0x1fff0740      0x4  Data  Lc  ov7620.o [1]
main                    0x00002e9b      0xc  Code  Gb  program.o [1]
out_char                0x0000303d      0xe  Code  Gb  io.o [1]
ov7620__config          0x00001f0d    0x144  Code  Gb  ov7620.o [1]
printf                  0x000018d7     0x1e  Code  Gb  printf.o [1]
printk                  0x000014fd    0x3da  Code  Gb  printf.o [1]
printk_mknumstr         0x0000144d     0x74  Code  Lc  printf.o [1]
printk_pad_space        0x000014df     0x1e  Code  Lc  printf.o [1]
printk_pad_zero         0x000014c1     0x1e  Code  Lc  printf.o [1]
printk_putc             0x00001421     0x2c  Code  Lc  printf.o [1]
row_finish              0x00001eeb     0x22  Code  Lc  ov7620.o [1]
rowacq_cnt              0x1fff0744      0x4  Data  Lc  ov7620.o [1]
strlen                  0x000018f9     0x1c  Code  Gb  stdlib.o [1]
uart0_init_struct       0x20003348     0x1c  Data  Gb  ov7620.o [1]
uart_init               0x00001e2d     0x30  Code  Gb  ov7620.o [1]
vsync_cnt               0x1fff073c      0x4  Data  Lc  ov7620.o [1]
vsync_href_isr          0x00001e5d     0x8e  Code  Lc  ov7620.o [1]


[1] = F:\K60_CAR_2018\project\programme\iar\RAM\Obj
[2] = command line
[3] = dl7M_tln.a
[4] = m7M_tl.a
[5] = rt7M_tl.a
[6] = shb_l.a

  11 188 bytes of readonly  code memory
      76 bytes of readwrite code memory
   1 452 bytes of readonly  data memory
  81 674 bytes of readwrite data memory

Errors: none
Warnings: none
